
> shootpro@1.0.0 build
> vite build

[36mvite v5.4.21 [32mbuilding for production...[36m[39m
[32mÔ£ô[39m 0 modules transformed.
node.exe : [31mx[39m 
Build failed in 10ms
Au caractère Ligne:1 : 1
+ & "C:\Program 
Files\nodejs/node.exe" 
"C:\Program 
Files\nodejs/node_mo ...
+ ~~~~~~~~~~~~~~~~~~~~~~~~~
~~~~~~~~~~~~~~~~~~~~~~~~~~~
~~~~~~~~~~~~~~~~~
    + CategoryInfo         
     : NotSpecified: ([3  
  1mx[39m Build failed    
 in 10ms:String) [], Re    
moteException
    + FullyQualifiedErrorI 
   d : NativeCommandError
 
[31merror during build:
[31mCould not resolve 
entry module 
"index.html".[31m
    at getRollupError (file
:///C:/Users/dodom/.gemini/
antigravity/scratch/ShootPr
o/node_modules/rollup/dist/
es/shared/parseAst.js:402:4
1)
    at error (file:///C:/Us
ers/dodom/.gemini/antigravi
ty/scratch/ShootPro/node_mo
dules/rollup/dist/es/shared
/parseAst.js:398:42)
    at ModuleLoader.loadEnt
ryModule (file:///C:/Users/
dodom/.gemini/antigravity/s
cratch/ShootPro/node_module
s/rollup/dist/es/shared/nod
e-entry.js:21731:20)
    at async Promise.all 
(index 0)[39m
